[1] Updated /: slideWidth=960pt, slideHeight=540pt, title=breadberry | 初めての電子工作に、伴走するAI, author=breadberry, description=顧客像・課題、AIとCGによるアプローチ、CGモデル化への挑戦。発表先: https://classmethod.connpass.com/event/398580/
[2] Added slide at /slide[1]
[3] Added slide at /slide[2]
[4] Added shape at /slide[1]/shape[@id=100000]
[5] Added shape at /slide[1]/shape[@id=100001]
[6] Added shape at /slide[1]/shape[@id=100002]
[7] Added shape at /slide[1]/shape[@id=100003]
[8] Added shape at /slide[1]/shape[@id=100004]
[9] Added shape at /slide[1]/shape[@id=100005]
[10] Added shape at /slide[1]/shape[@id=100006]
[11] Added shape at /slide[1]/shape[@id=100007]
[12] Added shape at /slide[1]/shape[@id=100008]
[13] Added shape at /slide[1]/shape[@id=100009]
[14] Added shape at /slide[1]/shape[@id=100010]
[15] Added shape at /slide[1]/shape[@id=100011]
[16] Added shape at /slide[1]/shape[@id=100012]
[17] Added shape at /slide[1]/shape[@id=100013]
[18] Added shape at /slide[1]/shape[@id=100014]
[19] Added shape at /slide[1]/shape[@id=100015]
[20] Added shape at /slide[1]/shape[@id=100016]
[21] Added shape at /slide[1]/shape[@id=100017]
[22] Added shape at /slide[1]/shape[@id=100018]
[23] Added shape at /slide[1]/shape[@id=100019]
[24] Added shape at /slide[1]/shape[@id=100020]
[25] Added shape at /slide[1]/shape[@id=100021]
[26] Added shape at /slide[1]/shape[@id=100022]
[27] Added shape at /slide[1]/shape[@id=100023]
[28] Added shape at /slide[1]/shape[@id=100024]
[29] Added shape at /slide[1]/shape[@id=100025]
[30] Added shape at /slide[1]/shape[@id=100026]
[31] Added shape at /slide[1]/shape[@id=100027]
[32] Added shape at /slide[1]/shape[@id=100028]
[33] Added shape at /slide[1]/shape[@id=100029]
[34] Added shape at /slide[1]/shape[@id=100030]
[35] Added shape at /slide[1]/shape[@id=100031]
[36] Added shape at /slide[1]/shape[@id=100032]
[37] Added shape at /slide[2]/shape[@id=100033]
[38] Added shape at /slide[2]/shape[@id=100034]
[39] Added shape at /slide[2]/shape[@id=100035]
[40] Added shape at /slide[2]/shape[@id=100036]
[41] Added shape at /slide[2]/shape[@id=100037]
[42] Added shape at /slide[2]/shape[@id=100038]
[43] Added shape at /slide[2]/shape[@id=100039]
[44] Added shape at /slide[2]/shape[@id=100040]
[45] Added shape at /slide[2]/shape[@id=100041]
[46] Added shape at /slide[2]/shape[@id=100042]
[47] Added shape at /slide[2]/shape[@id=100043]
[48] Added shape at /slide[2]/shape[@id=100044]
[49] Added shape at /slide[2]/shape[@id=100045]
[50] Added shape at /slide[2]/shape[@id=100046]
[51] Added shape at /slide[2]/shape[@id=100047]
[52] Added shape at /slide[2]/shape[@id=100048]
[53] Added shape at /slide[2]/shape[@id=100049]
[54] Added shape at /slide[2]/shape[@id=100050]
[55] Added shape at /slide[2]/shape[@id=100051]
[56] Added shape at /slide[2]/shape[@id=100052]
[57] Added shape at /slide[2]/shape[@id=100053]
[58] Added shape at /slide[2]/shape[@id=100054]
[59] Added shape at /slide[2]/shape[@id=100055]
[60] Added shape at /slide[2]/shape[@id=100056]
[61] Added shape at /slide[2]/shape[@id=100057]
[62] Added shape at /slide[2]/shape[@id=100058]
[63] Added shape at /slide[2]/shape[@id=100059]
[64] Added shape at /slide[2]/shape[@id=100060]
[65] Added shape at /slide[2]/shape[@id=100061]
[66] Added shape at /slide[2]/shape[@id=100062]
[67] Added shape at /slide[2]/shape[@id=100063]
[68] Added shape at /slide[2]/shape[@id=100064]
[69] Added shape at /slide[2]/shape[@id=100065]
[70] Added shape at /slide[2]/shape[@id=100066]
[71] Added shape at /slide[2]/shape[@id=100067]
[72] Added shape at /slide[2]/shape[@id=100068]
[73] Added shape at /slide[2]/shape[@id=100069]
[74] Added shape at /slide[2]/shape[@id=100070]
[75] Added shape at /slide[2]/shape[@id=100071]
[76] Added shape at /slide[2]/shape[@id=100072]
[77] Added shape at /slide[2]/shape[@id=100073]
[78] Added shape at /slide[2]/shape[@id=100074]
[79] Added shape at /slide[2]/shape[@id=100075]
[80] Added shape at /slide[2]/shape[@id=100076]
[81] Added shape at /slide[2]/shape[@id=100077]
[82] Added shape at /slide[2]/shape[@id=100078]
[83] Added shape at /slide[2]/shape[@id=100079]
[84] Added shape at /slide[2]/shape[@id=100080]
[85] Added shape at /slide[2]/shape[@id=100081]
[86] Added shape at /slide[2]/shape[@id=100082]
[87] Added shape at /slide[2]/shape[@id=100083]
[88] Added shape at /slide[2]/shape[@id=100084]
[89] Added shape at /slide[2]/shape[@id=100085]
[90] Added shape at /slide[2]/shape[@id=100086]
[91] Added shape at /slide[2]/shape[@id=100087]
[92] Added shape at /slide[2]/shape[@id=100088]
[93] Added shape at /slide[2]/shape[@id=100089]
[94] Added shape at /slide[2]/shape[@id=100090]
[95] Added shape at /slide[2]/shape[@id=100091]
[96] Added shape at /slide[2]/shape[@id=100092]
[97] Added shape at /slide[2]/shape[@id=100093]
[98] Added shape at /slide[2]/shape[@id=100094]
[99] Added shape at /slide[2]/shape[@id=100095]
[100] Added shape at /slide[2]/shape[@id=100096]
[101] Added shape at /slide[2]/shape[@id=100097]
[102] Added shape at /slide[2]/shape[@id=100098]
[103] Added shape at /slide[2]/shape[@id=100099]
[104] Added shape at /slide[2]/shape[@id=100100]
[105] Added shape at /slide[2]/shape[@id=100101]
[106] Added shape at /slide[2]/shape[@id=100102]
[107] Added shape at /slide[2]/shape[@id=100103]
[108] Added shape at /slide[2]/shape[@id=100104]
[109] Added shape at /slide[2]/shape[@id=100105]
[110] Added shape at /slide[2]/shape[@id=100106]
[111] Added shape at /slide[2]/shape[@id=100107]
[112] Added shape at /slide[2]/shape[@id=100108]
[113] Added shape at /slide[2]/shape[@id=100109]
[114] Added shape at /slide[2]/shape[@id=100110]
[115] Added shape at /slide[2]/shape[@id=100111]
[116] Added shape at /slide[2]/shape[@id=100112]
[117] Added shape at /slide[2]/shape[@id=100113]
[118] Added shape at /slide[2]/shape[@id=100114]
[119] Added shape at /slide[2]/shape[@id=100115]
[120] Added shape at /slide[2]/shape[@id=100116]
[121] Added shape at /slide[2]/shape[@id=100117]
[122] Added shape at /slide[2]/shape[@id=100118]
[123] Added shape at /slide[2]/shape[@id=100119]
[124] Added shape at /slide[2]/shape[@id=100120]
[125] Added shape at /slide[2]/shape[@id=100121]
[126] Updated /slide[1]: notes=チームbreadberryです。初めての電子工作に伴走するAIを提案します。対象は、都内在住の20〜30代で、趣味で電子工作を始めた社会人や学生、新入社員です。電子工作を始めても、設計ができない、どの部品を購入すればよいかわからないという壁があります。この最初のハードルを下げたいと考えました。
[127] Updated /slide[2]: notes=アプローチは2つです。まず、必要な部品を教えてくれるAIエージェントが部品選びをサポートします。次に、CGで結線をひとつずつ案内します。技術的には、手取り足取り教えるような体験を目指して、CGモデル化にチャレンジしました。図は結線ガイドのコンセプトを説明する模式図で、実装画面や実際の回路図ではありません。

Batch complete: 127 succeeded, 0 failed, 127 total
